[debug] [2026-06-19T15:10:40.993Z] ----------------------------------------------------------------------
[debug] [2026-06-19T15:10:40.994Z] Command:       /usr/local/bin/node /usr/local/bin/firebase deploy --only functions --project paper-golf-e8364 --token 4/0AdkVLPyak6bTnQIZ3_I4vqVUlHKqnRo0jRRGljcO8N-iR96os4RCuw9SP750YiGqjvVicw
[debug] [2026-06-19T15:10:40.994Z] CLI Version:   13.13.1
[debug] [2026-06-19T15:10:40.995Z] Platform:      darwin
[debug] [2026-06-19T15:10:40.995Z] Node Version:  v24.17.0
[debug] [2026-06-19T15:10:40.995Z] Time:          Fri Jun 19 2026 08:10:40 GMT-0700 (Pacific Daylight Time)
[debug] [2026-06-19T15:10:40.995Z] ----------------------------------------------------------------------
[debug] 
[debug] [2026-06-19T15:10:41.019Z] > command requires scopes: ["email","openid","https://www.googleapis.com/auth/cloudplatformprojects.readonly","https://www.googleapis.com/auth/firebase","https://www.googleapis.com/auth/cloud-platform"]
[debug] [2026-06-19T15:10:41.019Z] > authorizing via --token option
[warn] ⚠  Authenticating with `--token` is deprecated and will be removed in a future major version of `firebase-tools`. Instead, use a service account key with `GOOGLE_APPLICATION_CREDENTIALS`: https://cloud.google.com/docs/authentication/getting-started 
[debug] [2026-06-19T15:10:41.019Z] [iam] checking project paper-golf-e8364 for permissions ["cloudfunctions.functions.create","cloudfunctions.functions.delete","cloudfunctions.functions.get","cloudfunctions.functions.list","cloudfunctions.functions.update","cloudfunctions.operations.get","firebase.projects.get"]
[debug] [2026-06-19T15:10:41.019Z] > refreshing access token with scopes: []
[debug] [2026-06-19T15:10:41.020Z] >>> [apiv2][query] POST https://www.googleapis.com/oauth2/v3/token [none]
[debug] [2026-06-19T15:10:41.020Z] >>> [apiv2][body] POST https://www.googleapis.com/oauth2/v3/token [omitted]
[debug] [2026-06-19T15:10:41.252Z] [iam] error while checking permissions, command may fail: FirebaseError: Authentication Error: Your credentials are no longer valid. Please run firebase login --reauth

For CI servers and headless environments, generate a new token with firebase login:ci
[debug] [2026-06-19T15:10:41.253Z] > refreshing access token with scopes: []
[debug] [2026-06-19T15:10:41.253Z] >>> [apiv2][query] POST https://www.googleapis.com/oauth2/v3/token [none]
[debug] [2026-06-19T15:10:41.253Z] >>> [apiv2][body] POST https://www.googleapis.com/oauth2/v3/token [omitted]
[debug] [2026-06-19T15:10:41.362Z] [functions] service account IAM check errored, deploy may fail: Authentication Error: Your credentials are no longer valid. Please run firebase login --reauth

For CI servers and headless environments, generate a new token with firebase login:ci {"name":"FirebaseError","children":[],"exit":1,"message":"Authentication Error: Your credentials are no longer valid. Please run \u001b[1mfirebase login --reauth\u001b[22m\n\nFor CI servers and headless environments, generate a new token with \u001b[1mfirebase login:ci\u001b[22m","status":500}
[info] 
[info] === Deploying to 'paper-golf-e8364'...
[info] 
[info] i  deploying functions 
[debug] [2026-06-19T15:10:41.366Z] > refreshing access token with scopes: []
[debug] [2026-06-19T15:10:41.366Z] >>> [apiv2][query] POST https://www.googleapis.com/oauth2/v3/token [none]
[debug] [2026-06-19T15:10:41.366Z] >>> [apiv2][body] POST https://www.googleapis.com/oauth2/v3/token [omitted]
[debug] [2026-06-19T15:10:41.441Z] Authentication Error: Your credentials are no longer valid. Please run firebase login --reauth

For CI servers and headless environments, generate a new token with firebase login:ci
[debug] [2026-06-19T15:10:41.589Z] FirebaseError: Authentication Error: Your credentials are no longer valid. Please run firebase login --reauth

For CI servers and headless environments, generate a new token with firebase login:ci
    at invalidCredentialError (/usr/local/lib/node_modules/firebase-tools/lib/auth.js:147:12)
    at refreshTokens (/usr/local/lib/node_modules/firebase-tools/lib/auth.js:521:15)
    at process.processTicksAndRejections (node:internal/process/task_queues:104:5)
    at async getAccessToken (/usr/local/lib/node_modules/firebase-tools/lib/apiv2.js:40:18)
    at async Client.addAuthHeader (/usr/local/lib/node_modules/firebase-tools/lib/apiv2.js:167:21)
    at async Client.request (/usr/local/lib/node_modules/firebase-tools/lib/apiv2.js:118:34)
    at async getFirebaseProject (/usr/local/lib/node_modules/firebase-tools/lib/management/projects.js:295:21)
    at async needProjectNumber (/usr/local/lib/node_modules/firebase-tools/lib/projectUtils.js:46:22)
    at async prepare (/usr/local/lib/node_modules/firebase-tools/lib/deploy/functions/prepare.js:34:27)
    at async chain (/usr/local/lib/node_modules/firebase-tools/lib/deploy/index.js:40:9)
[error] 
[error] Error: Failed to get Firebase project paper-golf-e8364. Please make sure the project exists and your account has permission to access it.
